IP (tos 0x0, ttl 64, id 7071, offset 0, flags [DF], proto UDP (17), length 142)
    20.0.0.1.587 > 20.0.0.2.6081: [no cksum] Geneve, Flags [C], vni 0xb, options [class Experimental (0xffff) type 0x8a(C) len 8 data 0000000a]
	IP (tos 0x0, ttl 64, id 0, offset 0, flags [DF], proto ICMP (1), length 84)
    30.0.0.1 > 30.0.0.2: ICMP echo request, id 4349, seq 40, length 64
IP (tos 0x0, ttl 64, id 49690, offset 0, flags [DF], proto UDP (17), length 134)
    20.0.0.2.1 > 20.0.0.1.6081: [no cksum] Geneve, Flags [none], vni 0xb
	IP (tos 0x0, ttl 64, id 4796, offset 0, flags [none], proto ICMP (1), length 84)
    30.0.0.2 > 30.0.0.1: ICMP echo reply, id 4349, seq 40, length 64
IP (tos 0x0, ttl 64, id 7072, offset 0, flags [DF], proto UDP (17), length 142)
    20.0.0.1.587 > 20.0.0.2.6081: [no cksum] Geneve, Flags [C], vni 0xb, options [class Experimental (0xffff) type 0x8a(C) len 8 data 0000000a]
	IP (tos 0x0, ttl 64, id 0, offset 0, flags [DF], proto ICMP (1), length 84)
    30.0.0.1 > 30.0.0.2: ICMP echo request, id 4349, seq 41, length 64
IP (tos 0x0, ttl 64, id 49691, offset 0, flags [DF], proto UDP (17), length 134)
    20.0.0.2.1 > 20.0.0.1.6081: [no cksum] Geneve, Flags [none], vni 0xb
	IP (tos 0x0, ttl 64, id 4797, offset 0, flags [none], proto ICMP (1), length 84)
    30.0.0.2 > 30.0.0.1: ICMP echo reply, id 4349, seq 41, length 64
IP (tos 0x0, ttl 64, id 7073, offset 0, flags [DF], proto UDP (17), length 142)
    20.0.0.1.587 > 20.0.0.2.6081: [no cksum] Geneve, Flags [C], vni 0xb, options [class Experimental (0xffff) type 0x8a(C) len 8 data 0000000a]
	IP (tos 0x0, ttl 64, id 0, offset 0, flags [DF], proto ICMP (1), length 84)
    30.0.0.1 > 30.0.0.2: ICMP echo request, id 4349, seq 42, length 64
IP (tos 0x0, ttl 64, id 49692, offset 0, flags [DF], proto UDP (17), length 134)
    20.0.0.2.1 > 20.0.0.1.6081: [no cksum] Geneve, Flags [none], vni 0xb
	IP (tos 0x0, ttl 64, id 4798, offset 0, flags [none], proto ICMP (1), length 84)
    30.0.0.2 > 30.0.0.1: ICMP echo reply, id 4349, seq 42, length 64
IP (tos 0x0, ttl 64, id 7074, offset 0, flags [DF], proto UDP (17), length 142)
    20.0.0.1.587 > 20.0.0.2.6081: [no cksum] Geneve, Flags [C], vni 0xb, options [class Experimental (0xffff) type 0x8a(C) len 8 data 0000000a]
	IP (tos 0x0, ttl 64, id 0, offset 0, flags [DF], proto ICMP (1), length 84)
    30.0.0.1 > 30.0.0.2: ICMP echo request, id 4349, seq 43, length 64
IP (tos 0x0, ttl 64, id 49693, offset 0, flags [DF], proto UDP (17), length 134)
    20.0.0.2.1 > 20.0.0.1.6081: [no cksum] Geneve, Flags [none], vni 0xb
	IP (tos 0x0, ttl 64, id 4799, offset 0, flags [none], proto ICMP (1), length 84)
    30.0.0.2 > 30.0.0.1: ICMP echo reply, id 4349, seq 43, length 64
IP (tos 0x0, ttl 64, id 7075, offset 0, flags [DF], proto UDP (17), length 142)
    20.0.0.1.587 > 20.0.0.2.6081: [no cksum] Geneve, Flags [C], vni 0xb, options [class Experimental (0xffff) type 0x8a(C) len 8 data 0000000a]
	IP (tos 0x0, ttl 64, id 0, offset 0, flags [DF], proto ICMP (1), length 84)
    30.0.0.1 > 30.0.0.2: ICMP echo request, id 4349, seq 44, length 64
IP (tos 0x0, ttl 64, id 49694, offset 0, flags [DF], proto UDP (17), length 134)
    20.0.0.2.1 > 20.0.0.1.6081: [no cksum] Geneve, Flags [none], vni 0xb
	IP (tos 0x0, ttl 64, id 4800, offset 0, flags [none], proto ICMP (1), length 84)
    30.0.0.2 > 30.0.0.1: ICMP echo reply, id 4349, seq 44, length 64
